resources/js/Components/FeaturedSection copy.tsx(79,79): error TS7053: Element implicitly has an 'any' type because expression of type '0' can't be used to index type '{ name: string; type?: string | undefined; }'.
  Property '0' does not exist on type '{ name: string; type?: string | undefined; }'.
resources/js/Pages/FeaturedCategory.tsx(24,17): error TS2739: Type 'Category' is missing the following properties from type 'Category': is_active, show_in_menu, menu_order
